1324234	3858242,3858241
1515701	3858242
3319261	3858242
3398406	3858241
3557384	3858241
3634889	3858241
3668705	3858242
956203	3858241
